[preview.colorlib.com/theme/liquorstore/index.html]
[backblue.gif]
[fade.gif]
[index.html]
[stackpath.bootstrapcdn.com/font-awesome/4.7.0/css/font-awesome.min.css]
[preview.colorlib.com/theme/liquorstore/css/animate.css+owl.carousel.min.css+owl.theme.default.min.css+magnific-popup.css+flaticon.css+style.css.pagespeed.cc.JyS4en9x0T.css]
[preview.colorlib.com/theme/liquorstore/index-2.html]
[preview.colorlib.com/theme/liquorstore/images/xprod-1.jpg.pagespeed.ic.PRqKRDmIIQ.jpg]
[preview.colorlib.com/theme/liquorstore/images/xprod-2.jpg.pagespeed.ic.b5IkdRrGuS.jpg]
[preview.colorlib.com/theme/liquorstore/images/xprod-3.jpg.pagespeed.ic.MAyCUxNSFb.jpg]
[preview.colorlib.com/theme/liquorstore/cart.html]
[preview.colorlib.com/theme/liquorstore/about.html]
[preview.colorlib.com/theme/liquorstore/product.html]
[preview.colorlib.com/theme/liquorstore/product-single.html]
[preview.colorlib.com/theme/liquorstore/checkout.html]
[preview.colorlib.com/theme/liquorstore/blog.html]
[preview.colorlib.com/theme/liquorstore/contact.html]
[preview.colorlib.com/theme/liquorstore/images/xbg_2.jpg.pagespeed.ic.-b_q6ykgNN.jpg]
[preview.colorlib.com/theme/liquorstore/images/xabout.jpg.pagespeed.ic.tHj8OCqUOn.jpg]
[preview.colorlib.com/theme/liquorstore/images/xkind-1.jpg.pagespeed.ic.A5czMOnL1s.jpg]
[preview.colorlib.com/theme/liquorstore/images/xkind-2.jpg.pagespeed.ic._iskNf_hSE.jpg]
[preview.colorlib.com/theme/liquorstore/images/xkind-3.jpg.pagespeed.ic.62hXdJAYj9.jpg]
[preview.colorlib.com/theme/liquorstore/images/xkind-4.jpg.pagespeed.ic.aJJHU6sVvw.jpg]
[preview.colorlib.com/theme/liquorstore/images/xkind-5.jpg.pagespeed.ic.3cY9BaJzQP.jpg]
[preview.colorlib.com/theme/liquorstore/images/xkind-6.jpg.pagespeed.ic.tfFYjdPtI9.jpg]
[preview.colorlib.com/theme/liquorstore/images/prod-4.jpg]
[preview.colorlib.com/theme/liquorstore/images/xprod-5.jpg.pagespeed.ic.Sw3saqrIt9.jpg]
[preview.colorlib.com/theme/liquorstore/images/xprod-6.jpg.pagespeed.ic.Nayp8QN97n.jpg]
[preview.colorlib.com/theme/liquorstore/images/xprod-7.jpg.pagespeed.ic.VHsmUr8Hyh.jpg]
[preview.colorlib.com/theme/liquorstore/images/xprod-8.jpg.pagespeed.ic.MuEy88hrVb.jpg]
[preview.colorlib.com/theme/liquorstore/images/xbg_4.jpg.pagespeed.ic.7FYcY20yVO.jpg]
[preview.colorlib.com/theme/liquorstore/images/xperson_1.jpg.pagespeed.ic.P4pHl6glbj.jpg]
[preview.colorlib.com/theme/liquorstore/images/xperson_2.jpg.pagespeed.ic.yyrmjBH91b.jpg]
[preview.colorlib.com/theme/liquorstore/images/person_3.jpg]
[preview.colorlib.com/theme/liquorstore/blog-single.html]
[preview.colorlib.com/theme/liquorstore/images/ximage_1.jpg.pagespeed.ic.eS117Yt_9q.jpg]
[preview.colorlib.com/theme/liquorstore/images/ximage_2.jpg.pagespeed.ic.U00YIrUTVw.jpg]
[preview.colorlib.com/theme/liquorstore/images/ximage_3.jpg.pagespeed.ic.jdEYlzx_9D.jpg]
[preview.colorlib.com/theme/liquorstore/images/ximage_4.jpg.pagespeed.ic.mncwGdQXqm.jpg]
[preview.colorlib.com/cdn-cgi/scripts/5c5dd728/cloudflare-static/email-decode.min.js]
[preview.colorlib.com/theme/liquorstore/js/jquery.min.js]
[preview.colorlib.com/theme/liquorstore/js/jquery-migrate-3.0.1.min.js+popper.min.js+bootstrap.min.js.pagespeed.jc.j8jkLwyN3s.js]
[preview.colorlib.com/theme/liquorstore/js/jquery.easing.1.3.js+jquery.waypoints.min.js+jquery.stellar.min.js+owl.carousel.min.js.pagespeed.jc.qRFk3bnuu9.js]
[preview.colorlib.com/theme/liquorstore/index.html]
[stackpath.bootstrapcdn.com/font-awesome/4.7.0/css/font-awesome.min.css]
[preview.colorlib.com/theme/liquorstore/js/jquery.magnific-popup.min.js+jquery.animateNumber.min.js+scrollax.min.js+google-map.js+main.js.pagespeed.jc.si7t_nTE-j.js]
[preview.colorlib.com/theme/liquorstore/css/owl.video.play.png]
[preview.colorlib.com/theme/liquorstore/fonts/flaticon/font/Flaticon.eot]
[preview.colorlib.com/theme/liquorstore/fonts/flaticon/font/Flaticond41d.eot]
[preview.colorlib.com/theme/liquorstore/fonts/flaticon/font/Flaticon.woff]
[preview.colorlib.com/theme/liquorstore/fonts/flaticon/font/Flaticon.ttf]
[preview.colorlib.com/theme/liquorstore/css/animate.css+owl.carousel.min.css+owl.theme.default.min.css+magnific-popup.css+flaticon.css+style.css.pagespeed.cc.JyS4en9x0T.css]
[preview.colorlib.com/cdn-cgi/zaraz/sd0d9.js]
[preview.colorlib.com/theme/liquorstore/fonts/flaticon/font/Flaticon.svg]
[preview.colorlib.com/theme/liquorstore/index-2.html]
[preview.colorlib.com/theme/liquorstore/css/A.animate.css+owl.carousel.min.css+owl.theme.default.min.css+magnific-popup.css+flaticon.css+style.css,Mcc.JyS4en9x0T.css.pagespeed.cf.-Cy5e3VKyk.css]
[preview.colorlib.com/theme/liquorstore/css/A.animate.css+owl.carousel.min.css+owl.theme.default.min.css+magnific-popup.css,Mcc.axpgQ5w5Ax.css.pagespeed.cf.1RMbOc2Pkr.css]
[cdnjs.cloudflare.com/ajax/libs/bootstrap-select/1.13.1/css/bootstrap-select.min.css]
[preview.colorlib.com/theme/liquorstore/css/A.flaticon.css+style.css,Mcc.gJij2H8UlZ.css.pagespeed.cf.VO8-3BM0J3.css]
[preview.colorlib.com/theme/liquorstore/cart.html]
[preview.colorlib.com/theme/liquorstore/about.html]
[cdnjs.cloudflare.com/ajax/libs/bootstrap-select/1.13.1/js/bootstrap-select.min.js]
[preview.colorlib.com/theme/liquorstore/images/xprod-9.jpg.pagespeed.ic.mDcDNBbWab.jpg]
[preview.colorlib.com/theme/liquorstore/images/xprod-10.jpg.pagespeed.ic.YxRN4YspGu.jpg]
[preview.colorlib.com/theme/liquorstore/images/xprod-11.jpg.pagespeed.ic.Q1e0MSqB4i.jpg]
[preview.colorlib.com/theme/liquorstore/images/xprod-12.jpg.pagespeed.ic.HxV90X913v.jpg]
[preview.colorlib.com/theme/liquorstore/product.html]
[preview.colorlib.com/theme/liquorstore/images/prod-1.jpg]
[preview.colorlib.com/theme/liquorstore/product-single.html]
[preview.colorlib.com/theme/liquorstore/checkout.html]
[preview.colorlib.com/theme/liquorstore/images/ximage_5.jpg.pagespeed.ic.rH7FhYhPt5.jpg]
[preview.colorlib.com/theme/liquorstore/images/ximage_6.jpg.pagespeed.ic.WVYuhIwmND.jpg]
[preview.colorlib.com/theme/liquorstore/blog.html]
[preview.colorlib.com/theme/liquorstore/contact.html]
[preview.colorlib.com/theme/liquorstore/blog-single.html]
[preview.colorlib.com/theme/liquorstore/css/owl.video.play.html]
[preview.colorlib.com/theme/liquorstore/fonts/flaticon/font/Flaticon.svg]
[preview.colorlib.com/theme/liquorstore/css/A.animate.css+owl.carousel.min.css+owl.theme.default.min.css+magnific-popup.css+flaticon.css+style.css,Mcc.JyS4en9x0T.css.pagespeed.cf.-Cy5e3VKyk.css]
[preview.colorlib.com/theme/liquorstore/css/A.animate.css+owl.carousel.min.css+owl.theme.default.min.css+magnific-popup.css,Mcc.axpgQ5w5Ax.css.pagespeed.cf.1RMbOc2Pkr.css]
[cdnjs.cloudflare.com/ajax/libs/bootstrap-select/1.13.1/css/bootstrap-select.min.css]
[preview.colorlib.com/theme/liquorstore/css/A.flaticon.css+style.css,Mcc.gJij2H8UlZ.css.pagespeed.cf.VO8-3BM0J3.css]
